训练数据：1200 条 | PyTRIO：0.2.9
[transformers] PyTorch was not found. Models won't be available and only tokenizers, configuration and file/data utilities can be used.
Step 1/150 (epoch 0) | loss=3.5794 | supervised_tokens=80
Step 2/150 (epoch 0) | loss=1.2281 | supervised_tokens=80
Step 3/150 (epoch 0) | loss=0.4439 | supervised_tokens=80
Step 4/150 (epoch 0) | loss=0.3519 | supervised_tokens=80
Step 5/150 (epoch 0) | loss=0.3120 | supervised_tokens=80
Step 6/150 (epoch 0) | loss=0.3685 | supervised_tokens=80
Step 7/150 (epoch 0) | loss=0.4141 | supervised_tokens=80
Step 8/150 (epoch 0) | loss=0.4026 | supervised_tokens=80
Step 9/150 (epoch 0) | loss=0.2547 | supervised_tokens=80
Step 10/150 (epoch 0) | loss=0.2548 | supervised_tokens=80
Step 11/150 (epoch 0) | loss=0.7468 | supervised_tokens=80
Step 12/150 (epoch 0) | loss=0.3176 | supervised_tokens=80
Step 13/150 (epoch 0) | loss=0.3851 | supervised_tokens=80
Step 14/150 (epoch 0) | loss=0.2383 | supervised_tokens=80
Step 15/150 (epoch 0) | loss=0.3700 | supervised_tokens=80
Step 16/150 (epoch 0) | loss=0.3771 | supervised_tokens=80
Step 17/150 (epoch 0) | loss=0.4332 | supervised_tokens=80
Step 18/150 (epoch 0) | loss=0.2926 | supervised_tokens=80
Step 19/150 (epoch 0) | loss=0.3063 | supervised_tokens=80
Step 20/150 (epoch 0) | loss=0.1873 | supervised_tokens=80
Step 21/150 (epoch 0) | loss=0.3421 | supervised_tokens=80
Step 22/150 (epoch 0) | loss=0.3022 | supervised_tokens=80
Step 23/150 (epoch 0) | loss=0.3283 | supervised_tokens=80
Step 24/150 (epoch 0) | loss=0.2459 | supervised_tokens=80
Step 25/150 (epoch 0) | loss=0.4788 | supervised_tokens=80
Step 26/150 (epoch 0) | loss=0.3616 | supervised_tokens=80
Step 27/150 (epoch 0) | loss=0.2221 | supervised_tokens=80
Step 28/150 (epoch 0) | loss=0.2354 | supervised_tokens=80
Step 29/150 (epoch 0) | loss=0.2244 | supervised_tokens=80
Step 30/150 (epoch 0) | loss=0.3059 | supervised_tokens=80
Step 31/150 (epoch 0) | loss=0.3874 | supervised_tokens=80
Step 32/150 (epoch 0) | loss=0.4239 | supervised_tokens=80
Step 33/150 (epoch 0) | loss=0.2886 | supervised_tokens=80
Step 34/150 (epoch 0) | loss=0.2396 | supervised_tokens=80
Step 35/150 (epoch 0) | loss=0.4709 | supervised_tokens=80
Step 36/150 (epoch 0) | loss=0.2557 | supervised_tokens=80
Step 37/150 (epoch 0) | loss=0.4524 | supervised_tokens=80
Step 38/150 (epoch 0) | loss=0.3599 | supervised_tokens=80
Step 39/150 (epoch 0) | loss=0.2027 | supervised_tokens=80
Step 40/150 (epoch 0) | loss=0.1956 | supervised_tokens=80
Step 41/150 (epoch 0) | loss=0.2507 | supervised_tokens=80
Step 42/150 (epoch 0) | loss=0.3906 | supervised_tokens=80
Step 43/150 (epoch 0) | loss=0.1729 | supervised_tokens=80
Step 44/150 (epoch 0) | loss=0.1788 | supervised_tokens=80
Step 45/150 (epoch 0) | loss=0.2695 | supervised_tokens=80
Step 46/150 (epoch 0) | loss=0.2379 | supervised_tokens=80
Step 47/150 (epoch 0) | loss=0.1832 | supervised_tokens=80
Step 48/150 (epoch 0) | loss=0.2193 | supervised_tokens=80
Step 49/150 (epoch 0) | loss=0.2783 | supervised_tokens=80
Step 50/150 (epoch 0) | loss=0.4555 | supervised_tokens=80
Step 51/150 (epoch 0) | loss=0.3347 | supervised_tokens=80
Step 52/150 (epoch 0) | loss=0.3024 | supervised_tokens=80
Step 53/150 (epoch 0) | loss=0.3166 | supervised_tokens=80
Step 54/150 (epoch 0) | loss=0.4577 | supervised_tokens=80
Step 55/150 (epoch 0) | loss=0.4218 | supervised_tokens=80
Step 56/150 (epoch 0) | loss=0.3046 | supervised_tokens=80
Step 57/150 (epoch 0) | loss=0.3035 | supervised_tokens=80
Step 58/150 (epoch 0) | loss=0.2855 | supervised_tokens=80
Step 59/150 (epoch 0) | loss=0.2228 | supervised_tokens=80
Step 60/150 (epoch 0) | loss=0.3581 | supervised_tokens=80
保存权重 pytrio-laya-v2-20260929-step-60: trio://run_rc3f5qm749kc/sampler_weights/pytrio-laya-v2-20260929-step-60
Step 61/150 (epoch 0) | loss=0.2093 | supervised_tokens=80
Step 62/150 (epoch 0) | loss=0.1813 | supervised_tokens=80
Step 63/150 (epoch 0) | loss=0.1811 | supervised_tokens=80
Step 64/150 (epoch 0) | loss=0.2823 | supervised_tokens=80
Step 65/150 (epoch 0) | loss=0.2068 | supervised_tokens=80
Step 66/150 (epoch 0) | loss=0.3506 | supervised_tokens=80
Step 67/150 (epoch 0) | loss=0.4415 | supervised_tokens=80
Step 68/150 (epoch 0) | loss=0.2079 | supervised_tokens=80
Step 69/150 (epoch 0) | loss=0.4261 | supervised_tokens=80
Step 70/150 (epoch 0) | loss=0.2183 | supervised_tokens=80
Step 71/150 (epoch 0) | loss=0.2980 | supervised_tokens=80
Step 72/150 (epoch 0) | loss=0.3113 | supervised_tokens=80
Step 73/150 (epoch 0) | loss=0.2277 | supervised_tokens=80
Step 74/150 (epoch 0) | loss=0.2319 | supervised_tokens=80
Step 75/150 (epoch 0) | loss=0.2129 | supervised_tokens=80
保存权重 pytrio-laya-v2-20260929-step-75: trio://run_rc3f5qm749kc/sampler_weights/pytrio-laya-v2-20260929-step-75
Step 76/150 (epoch 1) | loss=0.1964 | supervised_tokens=80
Step 77/150 (epoch 1) | loss=0.3957 | supervised_tokens=80
Step 78/150 (epoch 1) | loss=0.1796 | supervised_tokens=80
Step 79/150 (epoch 1) | loss=0.2451 | supervised_tokens=80
Step 80/150 (epoch 1) | loss=0.1563 | supervised_tokens=80
Step 81/150 (epoch 1) | loss=0.1995 | supervised_tokens=80
Step 82/150 (epoch 1) | loss=0.2579 | supervised_tokens=80
Step 83/150 (epoch 1) | loss=0.2660 | supervised_tokens=80
Step 84/150 (epoch 1) | loss=0.0822 | supervised_tokens=80
Step 85/150 (epoch 1) | loss=0.1668 | supervised_tokens=80
Step 86/150 (epoch 1) | loss=0.1408 | supervised_tokens=80
Step 87/150 (epoch 1) | loss=0.2053 | supervised_tokens=80
Step 88/150 (epoch 1) | loss=0.2033 | supervised_tokens=80
Step 89/150 (epoch 1) | loss=0.0836 | supervised_tokens=80
Step 90/150 (epoch 1) | loss=0.1233 | supervised_tokens=80
Step 91/150 (epoch 1) | loss=0.0778 | supervised_tokens=80
Step 92/150 (epoch 1) | loss=0.1505 | supervised_tokens=80
Step 93/150 (epoch 1) | loss=0.1922 | supervised_tokens=80
Step 94/150 (epoch 1) | loss=0.1360 | supervised_tokens=80
Step 95/150 (epoch 1) | loss=0.1280 | supervised_tokens=80
Step 96/150 (epoch 1) | loss=0.3894 | supervised_tokens=80
Step 97/150 (epoch 1) | loss=0.2810 | supervised_tokens=80
Step 98/150 (epoch 1) | loss=0.1741 | supervised_tokens=80
Step 99/150 (epoch 1) | loss=0.1226 | supervised_tokens=80
Step 100/150 (epoch 1) | loss=0.1833 | supervised_tokens=80
Step 101/150 (epoch 1) | loss=0.1449 | supervised_tokens=80
Step 102/150 (epoch 1) | loss=0.1264 | supervised_tokens=80
Step 103/150 (epoch 1) | loss=0.2663 | supervised_tokens=80
Step 104/150 (epoch 1) | loss=0.2580 | supervised_tokens=80
Step 105/150 (epoch 1) | loss=0.2683 | supervised_tokens=80
Step 106/150 (epoch 1) | loss=0.2629 | supervised_tokens=80
Step 107/150 (epoch 1) | loss=0.2610 | supervised_tokens=80
Step 108/150 (epoch 1) | loss=0.1938 | supervised_tokens=80
Step 109/150 (epoch 1) | loss=0.1132 | supervised_tokens=80
Step 110/150 (epoch 1) | loss=0.2369 | supervised_tokens=80
Step 111/150 (epoch 1) | loss=0.2407 | supervised_tokens=80
Step 112/150 (epoch 1) | loss=0.2848 | supervised_tokens=80
Step 113/150 (epoch 1) | loss=0.1019 | supervised_tokens=80
Step 114/150 (epoch 1) | loss=0.1511 | supervised_tokens=80
Step 115/150 (epoch 1) | loss=0.2273 | supervised_tokens=80
Step 116/150 (epoch 1) | loss=0.1335 | supervised_tokens=80
Step 117/150 (epoch 1) | loss=0.1679 | supervised_tokens=80
Step 118/150 (epoch 1) | loss=0.1165 | supervised_tokens=80
Step 119/150 (epoch 1) | loss=0.1601 | supervised_tokens=80
Step 120/150 (epoch 1) | loss=0.1739 | supervised_tokens=80
保存权重 pytrio-laya-v2-20260929-step-120: trio://run_rc3f5qm749kc/sampler_weights/pytrio-laya-v2-20260929-step-120
Step 121/150 (epoch 1) | loss=0.1247 | supervised_tokens=80
Step 122/150 (epoch 1) | loss=0.1675 | supervised_tokens=80
Step 123/150 (epoch 1) | loss=0.1499 | supervised_tokens=80
Step 124/150 (epoch 1) | loss=0.1629 | supervised_tokens=80
Step 125/150 (epoch 1) | loss=0.1623 | supervised_tokens=80
Step 126/150 (epoch 1) | loss=0.1982 | supervised_tokens=80
Step 127/150 (epoch 1) | loss=0.2599 | supervised_tokens=80
Step 128/150 (epoch 1) | loss=0.1779 | supervised_tokens=80
Step 129/150 (epoch 1) | loss=0.1783 | supervised_tokens=80
Step 130/150 (epoch 1) | loss=0.2363 | supervised_tokens=80
Step 131/150 (epoch 1) | loss=0.2387 | supervised_tokens=80
Step 132/150 (epoch 1) | loss=0.3449 | supervised_tokens=80
Step 133/150 (epoch 1) | loss=0.2121 | supervised_tokens=80
Step 134/150 (epoch 1) | loss=0.1392 | supervised_tokens=80
Step 135/150 (epoch 1) | loss=0.2509 | supervised_tokens=80
Step 136/150 (epoch 1) | loss=0.1505 | supervised_tokens=80
Step 137/150 (epoch 1) | loss=0.2441 | supervised_tokens=80
Step 138/150 (epoch 1) | loss=0.1983 | supervised_tokens=80
Step 139/150 (epoch 1) | loss=0.1815 | supervised_tokens=80
Step 140/150 (epoch 1) | loss=0.2380 | supervised_tokens=80
Step 141/150 (epoch 1) | loss=0.2003 | supervised_tokens=80
Step 142/150 (epoch 1) | loss=0.2070 | supervised_tokens=80
Step 143/150 (epoch 1) | loss=0.3087 | supervised_tokens=80
Step 144/150 (epoch 1) | loss=0.1491 | supervised_tokens=80
Step 145/150 (epoch 1) | loss=0.1216 | supervised_tokens=80
Step 146/150 (epoch 1) | loss=0.2379 | supervised_tokens=80
Step 147/150 (epoch 1) | loss=0.2131 | supervised_tokens=80
Step 148/150 (epoch 1) | loss=0.2320 | supervised_tokens=80
Step 149/150 (epoch 1) | loss=0.3174 | supervised_tokens=80
Step 150/150 (epoch 1) | loss=0.2753 | supervised_tokens=80
保存权重 pytrio-laya-v2-20260929-step-150: trio://run_rc3f5qm749kc/sampler_weights/pytrio-laya-v2-20260929-step-150
训练耗时：316.73s
